// Jest Snapshot v1, https://goo.gl/fbAQLP

exports[`Testing aggregate commands in isolation should createTodo command return an TodoCreatedEvent 1`] = `
Object {
  "payload": Object {
    "createdAt": 1569927718135,
    "text": "Asperiores nam tempora qui et provident temporibus illo et fugit.",
    "title": "Test document title",
    "userId": "user-id-1",
  },
  "type": "aggregate.todo.created",
}
`;
